[{"stream_name":"stdout","time":61.643538915,"data":"velas {'OK': 170, 'POCA_ACTIVIDAD_O_NO_MONOTONO': 23}\n"}
,{"stream_name":"stdout","time":2394.287095998,"data":"GC_rev_W100 trades 2076\n"}
,{"stream_name":"stdout","time":2394.287296292,"data":"  0.25_0.25 R -0.035 azar -0.028 | calib -0.003 [-0.007659626092157399, 0.0018002380235992] | exc_nulo -0.010 | exc_emp -0.007 [-0.017371686044545132, 0.005631266618435724]\n"}
,{"stream_name":"stdout","time":2394.287307476,"data":"  0.25_0.5  R -0.043 azar -0.043 | calib -0.010 [-0.017517418570269873, -0.004214293712036636] | exc_nulo -0.009 | exc_emp +0.001 [-0.013011054560790762, 0.01993244232987502]\n"}
,{"stream_name":"stdout","time":2394.287314039,"data":"  0.25_1.0  R -0.052 azar -0.052 | calib -0.016 [-0.02538920861685656, -0.006248323055143988] | exc_nulo -0.017 | exc_emp -0.000 [-0.01986370095697688, 0.019112048566329008]\n"}
,{"stream_name":"stdout","time":2394.287320093,"data":"  0.5_0.25  R -0.022 azar -0.018 | calib -0.007 [-0.014230117424513447, -0.0008490800940684965] | exc_nulo -0.012 | exc_emp -0.004 [-0.017469140039134495, 0.011991930613539932]\n"}
,{"stream_name":"stdout","time":2394.287326315,"data":"  0.5_0.5   R -0.035 azar -0.041 | calib -0.018 [-0.027889756301146876, -0.005394436209478583] | exc_nulo -0.012 | exc_emp +0.006 [-0.012044746623844473, 0.026576139903736615]\n"}
,{"stream_name":"stdout","time":2394.287332628,"data":"  0.5_1.0   R -0.043 azar -0.050 | calib -0.026 [-0.04015120622863678, -0.011001136601842949] | exc_nulo -0.018 | exc_emp +0.007 [-0.012572603222319113, 0.03091602510397423]\n"}
,{"stream_name":"stdout","time":2394.287338818,"data":"  1.0_0.25  R -0.018 azar -0.017 | calib -0.010 [-0.023798140674151362, 0.0004053295647164674] | exc_nulo -0.011 | exc_emp -0.000 [-0.017725712386918262, 0.021341544266329403]\n"}
,{"stream_name":"stdout","time":2394.287344501,"data":"  1.0_0.5   R -0.018 azar -0.043 | calib -0.023 [-0.042455810699701765, -0.0055065882587136215] | exc_nulo +0.002 | exc_emp +0.025 [0.0005886614896872512, 0.056924133721931926]\n"}
,{"stream_name":"stdout","time":2394.287350508,"data":"  1.0_1.0   R -0.011 azar -0.052 | calib -0.029 [-0.05272910665768438, -0.010532594349265827] | exc_nulo +0.012 | exc_emp +0.041 [0.01100958169230693, 0.07930514536523972]\n"}
,{"stream_name":"stdout","time":2394.287355116,"data":"  1.5_0.25  R -0.003 azar -0.017 | calib -0.005 [-0.01951339593760233, 0.007488122786960105] | exc_nulo +0.010 | exc_emp +0.014 [-0.007027090988594529, 0.03691448437785559]\n"}
,{"stream_name":"stdout","time":2394.287363703,"data":"  1.5_0.5   R -0.009 azar -0.043 | calib -0.011 [-0.032934338221293415, 0.010280690116325243] | exc_nulo +0.021 | exc_emp +0.033 [0.008420631846106795, 0.060666381214666096]\n"}
,{"stream_name":"stdout","time":2394.287367844,"data":"  1.5_1.0   R +0.010 azar -0.055 | calib -0.012 [-0.039063869693403745, 0.00799785872894088] | exc_nulo +0.048 | exc_emp +0.066 [0.02818509822008194, 0.1046223007298829]\n"}
,{"stream_name":"stdout","time":2394.287371876,"data":"  2.0_0.25  R -0.003 azar -0.017 | calib +0.007 [-0.00791364883780718, 0.021556212108913606] | exc_nulo +0.019 | exc_emp +0.014 [-0.01035797815321637, 0.03569421381271237]\n"}
,{"stream_name":"stdout","time":2394.28737608,"data":"  2.0_0.5   R -0.012 azar -0.041 | calib +0.013 [-0.009315251421446902, 0.03545934886181413] | exc_nulo +0.042 | exc_emp +0.030 [-0.00036208952679473203, 0.06643150386873585]\n"}
,{"stream_name":"stdout","time":2394.287380126,"data":"  2.0_1.0   R +0.023 azar -0.055 | calib +0.025 [-0.0002388016243446913, 0.04689026808806333] | exc_nulo +0.101 | exc_emp +0.078 [0.04213248128259894, 0.11949645636558098]\n"}
,{"stream_name":"stderr","time":2397.645824295,"data":"/usr/local/lib/python3.12/dist-packages/mistune.py:435: SyntaxWarning: invalid escape sequence '\\|'\n"}
,{"stream_name":"stderr","time":2397.645946186,"data":"  cells[i][c] = re.sub('\\\\\\\\\\|', '|', cell)\n"}
,{"stream_name":"stderr","time":2398.048027458,"data":"/usr/local/lib/python3.12/dist-packages/nbconvert/filters/filter_links.py:36: SyntaxWarning: invalid escape sequence '\\_'\n"}
,{"stream_name":"stderr","time":2398.048066702,"data":"  text = re.sub(r'_', '\\_', text) # Escape underscores in display text\n"}
,{"stream_name":"stderr","time":2398.919460037,"data":"[NbConvertApp] Converting notebook __script__.ipynb to html\n"}
,{"stream_name":"stderr","time":2400.788099115,"data":"[NbConvertApp] Writing 281436 bytes to __results__.html\n"}
]