P2A_RESUME_UTC=2026-08-27T16:17:56Z
{
  "CAMPAIGN_OUTCOMES_OPENED": true,
  "EDGE_DECLARED": false,
  "canonical_event_store_payload_sha256": "feee6001e88aa69f62a092b253e468531230120a3dccdc2ceac0d488c9684cbd",
  "confirmatory_eligible": false,
  "decision": {
    "edge_declared": false,
    "familywise_alpha": 0.05,
    "label": "P2_DIAGNOSTIC_MECHANISM_SUPPORTED",
    "n_primary_cells": 16,
    "negative_cells": [],
    "positive_cells": [
      {
        "barrier_ticks": 9,
        "horizon_ticks": 25
      },
      {
        "barrier_ticks": 30,
        "horizon_ticks": 100
      },
      {
        "barrier_ticks": 30,
        "horizon_ticks": 250
      }
    ],
    "promotion_eligible": false,
    "reason": "AT_LEAST_ONE_POSITIVE_CELL_AND_ZERO_NEGATIVE_CELLS",
    "secondary_evidence_used": false,
    "validation_errors": [],
    "winner_selected": false
  },
  "multiplicity": "HOLM_OVER_16_PRIMARY_CELLS; SECONDARY_CLOCK_UNADJUSTED_DESCRIPTIVE",
  "n_sessions": 234,
  "p2a_checkpoint_validation": {
    "failed": 0,
    "validated": 234
  },
  "payload_sha256": "296f8352a46751c3a9a26a32ec29661ddcecba7ac57874a967dc591a92766e28",
  "promotion_eligible": false,
  "schema": "bt2a_gate2_p2a_result_v1",
  "spec_payload_sha256": "176ca3e0c37f44823bfe5f8cf64849b55dcf12b5114d930d5ec8776c1566468c",
  "status": "COMPLETE_P2A_POST_OUTCOME_DIAGNOSTIC",
  "timeout_in_estimand": true,
  "unit": "CME_SESSION"
}
P2A_COMPLETE_UTC=2026-08-27T16:23:16Z
